Archive member included to satisfy reference by file (symbol)

c:/st/stm32cubeide_1.0.0/stm32cubeide/plugins/com.st.stm32cube.ide.mcu.externaltools.gnu-tools-for-stm32.7-2018-q2-update.win32_1.0.0.201904181610/tools/bin/../lib/gcc/arm-none-eabi/7.3.1/../../../../arm-none-eabi/lib/thumb/v7-m\libc_nano.a(lib_a-errno.o)
                              Src/syscalls.o (__errno)
c:/st/stm32cubeide_1.0.0/stm32cubeide/plugins/com.st.stm32cube.ide.mcu.externaltools.gnu-tools-for-stm32.7-2018-q2-update.win32_1.0.0.201904181610/tools/bin/../lib/gcc/arm-none-eabi/7.3.1/../../../../arm-none-eabi/lib/thumb/v7-m\libc_nano.a(lib_a-exit.o)
                              c:/st/stm32cubeide_1.0.0/stm32cubeide/plugins/com.st.stm32cube.ide.mcu.externaltools.gnu-tools-for-stm32.7-2018-q2-update.win32_1.0.0.201904181610/tools/bin/../lib/gcc/arm-none-eabi/7.3.1/../../../../arm-none-eabi/lib/thumb/v7-m/crt0.o (exit)
c:/st/stm32cubeide_1.0.0/stm32cubeide/plugins/com.st.stm32cube.ide.mcu.externaltools.gnu-tools-for-stm32.7-2018-q2-update.win32_1.0.0.201904181610/tools/bin/../lib/gcc/arm-none-eabi/7.3.1/../../../../arm-none-eabi/lib/thumb/v7-m\libc_nano.a(lib_a-impure.o)
                              c:/st/stm32cubeide_1.0.0/stm32cubeide/plugins/com.st.stm32cube.ide.mcu.externaltools.gnu-tools-for-stm32.7-2018-q2-update.win32_1.0.0.201904181610/tools/bin/../lib/gcc/arm-none-eabi/7.3.1/../../../../arm-none-eabi/lib/thumb/v7-m\libc_nano.a(lib_a-exit.o) (_global_impure_ptr)
c:/st/stm32cubeide_1.0.0/stm32cubeide/plugins/com.st.stm32cube.ide.mcu.externaltools.gnu-tools-for-stm32.7-2018-q2-update.win32_1.0.0.201904181610/tools/bin/../lib/gcc/arm-none-eabi/7.3.1/../../../../arm-none-eabi/lib/thumb/v7-m\libc_nano.a(lib_a-init.o)
                              c:/st/stm32cubeide_1.0.0/stm32cubeide/plugins/com.st.stm32cube.ide.mcu.externaltools.gnu-tools-for-stm32.7-2018-q2-update.win32_1.0.0.201904181610/tools/bin/../lib/gcc/arm-none-eabi/7.3.1/../../../../arm-none-eabi/lib/thumb/v7-m/crt0.o (__libc_init_array)
c:/st/stm32cubeide_1.0.0/stm32cubeide/plugins/com.st.stm32cube.ide.mcu.externaltools.gnu-tools-for-stm32.7-2018-q2-update.win32_1.0.0.201904181610/tools/bin/../lib/gcc/arm-none-eabi/7.3.1/../../../../arm-none-eabi/lib/thumb/v7-m\libc_nano.a(lib_a-memset.o)
                              c:/st/stm32cubeide_1.0.0/stm32cubeide/plugins/com.st.stm32cube.ide.mcu.externaltools.gnu-tools-for-stm32.7-2018-q2-update.win32_1.0.0.201904181610/tools/bin/../lib/gcc/arm-none-eabi/7.3.1/../../../../arm-none-eabi/lib/thumb/v7-m/crt0.o (memset)
c:/st/stm32cubeide_1.0.0/stm32cubeide/plugins/com.st.stm32cube.ide.mcu.externaltools.gnu-tools-for-stm32.7-2018-q2-update.win32_1.0.0.201904181610/tools/bin/../lib/gcc/arm-none-eabi/7.3.1/thumb/v7-m\libgcc.a(_arm_addsubdf3.o)
                              Src/algorithm.o (__aeabi_dadd)
c:/st/stm32cubeide_1.0.0/stm32cubeide/plugins/com.st.stm32cube.ide.mcu.externaltools.gnu-tools-for-stm32.7-2018-q2-update.win32_1.0.0.201904181610/tools/bin/../lib/gcc/arm-none-eabi/7.3.1/thumb/v7-m\libgcc.a(_arm_muldivdf3.o)
                              Src/algorithm.o (__aeabi_dmul)
c:/st/stm32cubeide_1.0.0/stm32cubeide/plugins/com.st.stm32cube.ide.mcu.externaltools.gnu-tools-for-stm32.7-2018-q2-update.win32_1.0.0.201904181610/tools/bin/../lib/gcc/arm-none-eabi/7.3.1/thumb/v7-m\libgcc.a(_arm_cmpdf2.o)
                              Src/motor.o (__aeabi_dcmple)
c:/st/stm32cubeide_1.0.0/stm32cubeide/plugins/com.st.stm32cube.ide.mcu.externaltools.gnu-tools-for-stm32.7-2018-q2-update.win32_1.0.0.201904181610/tools/bin/../lib/gcc/arm-none-eabi/7.3.1/thumb/v7-m\libgcc.a(_arm_truncdfsf2.o)
                              Src/algorithm.o (__aeabi_d2f)
c:/st/stm32cubeide_1.0.0/stm32cubeide/plugins/com.st.stm32cube.ide.mcu.externaltools.gnu-tools-for-stm32.7-2018-q2-update.win32_1.0.0.201904181610/tools/bin/../lib/gcc/arm-none-eabi/7.3.1/thumb/v7-m\libgcc.a(_arm_addsubsf3.o)
                              Src/algorithm.o (__aeabi_fsub)
c:/st/stm32cubeide_1.0.0/stm32cubeide/plugins/com.st.stm32cube.ide.mcu.externaltools.gnu-tools-for-stm32.7-2018-q2-update.win32_1.0.0.201904181610/tools/bin/../lib/gcc/arm-none-eabi/7.3.1/thumb/v7-m\libgcc.a(_arm_muldivsf3.o)
                              Src/algorithm.o (__aeabi_fmul)
c:/st/stm32cubeide_1.0.0/stm32cubeide/plugins/com.st.stm32cube.ide.mcu.externaltools.gnu-tools-for-stm32.7-2018-q2-update.win32_1.0.0.201904181610/tools/bin/../lib/gcc/arm-none-eabi/7.3.1/thumb/v7-m\libgcc.a(_arm_fixsfsi.o)
                              Src/algorithm.o (__aeabi_f2iz)

Allocating common symbols
Common symbol       size              file

htim4               0x40              Src/main.o
uwTick              0x4               Drivers/STM32F1xx_HAL_Driver/Src/stm32f1xx_hal.o
pFlash              0x20              Drivers/STM32F1xx_HAL_Driver/Src/stm32f1xx_hal_flash.o
htim3               0x40              Src/main.o
hdma_usart1_tx      0x44              Src/main.o
hdma_usart1_rx      0x44              Src/main.o
[...]
Memory Configuration

Name             Origin             Length             Attributes
RAM              0x0000000020000000 0x0000000000005000 xrw
FLASH            0x0000000008000000 0x0000000000010000 xr
*default*        0x0000000000000000 0xffffffffffffffff

Linker script and memory map

LOAD c:/st/stm32cubeide_1.0.0/stm32cubeide/plugins/com.st.stm32cube.ide.mcu.externaltools.gnu-tools-for-stm32.7-2018-q2-update.win32_1.0.0.201904181610/tools/bin/../lib/gcc/arm-none-eabi/7.3.1/thumb/v7-m/crti.o
LOAD c:/st/stm32cubeide_1.0.0/stm32cubeide/plugins/com.st.stm32cube.ide.mcu.externaltools.gnu-tools-for-stm32.7-2018-q2-update.win32_1.0.0.201904181610/tools/bin/../lib/gcc/arm-none-eabi/7.3.1/thumb/v7-m/crtbegin.o
LOAD c:/st/stm32cubeide_1.0.0/stm32cubeide/plugins/com.st.stm32cube.ide.mcu.externaltools.gnu-tools-for-stm32.7-2018-q2-update.win32_1.0.0.201904181610/tools/bin/../lib/gcc/arm-none-eabi/7.3.1/../../../../arm-none-eabi/lib/thumb/v7-m/crt0.o
LOAD Drivers/STM32F1xx_HAL_Driver/Src/stm32f1xx_hal.o
LOAD Drivers/STM32F1xx_HAL_Driver/Src/stm32f1xx_hal_cortex.o
LOAD Drivers/STM32F1xx_HAL_Driver/Src/stm32f1xx_hal_dma.o
LOAD Drivers/STM32F1xx_HAL_Driver/Src/stm32f1xx_hal_exti.o
LOAD Drivers/STM32F1xx_HAL_Driver/Src/stm32f1xx_hal_flash.o
LOAD Drivers/STM32F1xx_HAL_Driver/Src/stm32f1xx_hal_flash_ex.o
LOAD Drivers/STM32F1xx_HAL_Driver/Src/stm32f1xx_hal_gpio.o
LOAD Drivers/STM32F1xx_HAL_Driver/Src/stm32f1xx_hal_gpio_ex.o
LOAD Drivers/STM32F1xx_HAL_Driver/Src/stm32f1xx_hal_pwr.o
LOAD Drivers/STM32F1xx_HAL_Driver/Src/stm32f1xx_hal_rcc.o
LOAD Drivers/STM32F1xx_HAL_Driver/Src/stm32f1xx_hal_rcc_ex.o
LOAD Drivers/STM32F1xx_HAL_Driver/Src/stm32f1xx_hal_tim.o
LOAD Drivers/STM32F1xx_HAL_Driver/Src/stm32f1xx_hal_tim_ex.o
LOAD Drivers/STM32F1xx_HAL_Driver/Src/stm32f1xx_hal_uart.o
LOAD Src/algorithm.o
LOAD Src/main.o
LOAD Src/motor.o
LOAD Src/my_uart.o
LOAD Src/stm32f1xx_hal_msp.o
LOAD Src/stm32f1xx_it.o
LOAD Src/syscalls.o
LOAD Src/sysmem.o
LOAD Src/system_stm32f1xx.o
LOAD Startup/startup_stm32f103c8tx.o
START GROUP
LOAD c:/st/stm32cubeide_1.0.0/stm32cubeide/plugins/com.st.stm32cube.ide.mcu.externaltools.gnu-tools-for-stm32.7-2018-q2-update.win32_1.0.0.201904181610/tools/bin/../lib/gcc/arm-none-eabi/7.3.1/../../../../arm-none-eabi/lib/thumb/v7-m\libc_nano.a
LOAD c:/st/stm32cubeide_1.0.0/stm32cubeide/plugins/com.st.stm32cube.ide.mcu.externaltools.gnu-tools-for-stm32.7-2018-q2-update.win32_1.0.0.201904181610/tools/bin/../lib/gcc/arm-none-eabi/7.3.1/../../../../arm-none-eabi/lib/thumb/v7-m\libm.a
END GROUP
START GROUP
LOAD c:/st/stm32cubeide_1.0.0/stm32cubeide/plugins/com.st.stm32cube.ide.mcu.externaltools.gnu-tools-for-stm32.7-2018-q2-update.win32_1.0.0.201904181610/tools/bin/../lib/gcc/arm-none-eabi/7.3.1/thumb/v7-m\libgcc.a
LOAD c:/st/stm32cubeide_1.0.0/stm32cubeide/plugins/com.st.stm32cube.ide.mcu.externaltools.gnu-tools-for-stm32.7-2018-q2-update.win32_1.0.0.201904181610/tools/bin/../lib/gcc/arm-none-eabi/7.3.1/../../../../arm-none-eabi/lib/thumb/v7-m\libc_nano.a
END GROUP
START GROUP
LOAD c:/st/stm32cubeide_1.0.0/stm32cubeide/plugins/com.st.stm32cube.ide.mcu.externaltools.gnu-tools-for-stm32.7-2018-q2-update.win32_1.0.0.201904181610/tools/bin/../lib/gcc/arm-none-eabi/7.3.1/thumb/v7-m\libgcc.a
LOAD c:/st/stm32cubeide_1.0.0/stm32cubeide/plugins/com.st.stm32cube.ide.mcu.externaltools.gnu-tools-for-stm32.7-2018-q2-update.win32_1.0.0.201904181610/tools/bin/../lib/gcc/arm-none-eabi/7.3.1/../../../../arm-none-eabi/lib/thumb/v7-m\libc_nano.a
LOAD c:/st/stm32cubeide_1.0.0/stm32cubeide/plugins/com.st.stm32cube.ide.mcu.externaltools.gnu-tools-for-stm32.7-2018-q2-update.win32_1.0.0.201904181610/tools/bin/../lib/gcc/arm-none-eabi/7.3.1/../../../../arm-none-eabi/lib/thumb/v7-m\libnosys.a
END GROUP
START GROUP
LOAD c:/st/stm32cubeide_1.0.0/stm32cubeide/plugins/com.st.stm32cube.ide.mcu.externaltools.gnu-tools-for-stm32.7-2018-q2-update.win32_1.0.0.201904181610/tools/bin/../lib/gcc/arm-none-eabi/7.3.1/thumb/v7-m\libgcc.a
LOAD c:/st/stm32cubeide_1.0.0/stm32cubeide/plugins/com.st.stm32cube.ide.mcu.externaltools.gnu-tools-for-stm32.7-2018-q2-update.win32_1.0.0.201904181610/tools/bin/../lib/gcc/arm-none-eabi/7.3.1/../../../../arm-none-eabi/lib/thumb/v7-m\libc_nano.a
LOAD c:/st/stm32cubeide_1.0.0/stm32cubeide/plugins/com.st.stm32cube.ide.mcu.externaltools.gnu-tools-for-stm32.7-2018-q2-update.win32_1.0.0.201904181610/tools/bin/../lib/gcc/arm-none-eabi/7.3.1/../../../../arm-none-eabi/lib/thumb/v7-m\libnosys.a
END GROUP
LOAD c:/st/stm32cubeide_1.0.0/stm32cubeide/plugins/com.st.stm32cube.ide.mcu.externaltools.gnu-tools-for-stm32.7-2018-q2-update.win32_1.0.0.201904181610/tools/bin/../lib/gcc/arm-none-eabi/7.3.1/thumb/v7-m/crtend.o
LOAD c:/st/stm32cubeide_1.0.0/stm32cubeide/plugins/com.st.stm32cube.ide.mcu.externaltools.gnu-tools-for-stm32.7-2018-q2-update.win32_1.0.0.201904181610/tools/bin/../lib/gcc/arm-none-eabi/7.3.1/thumb/v7-m/crtn.o
                0x0000000020005000                _estack = 0x20005000
                0x0000000000000200                _Min_Heap_Size = 0x200
                0x0000000000000400                _Min_Stack_Size = 0x400

.isr_vector     0x0000000008000000      0x10c
                0x0000000008000000                . = ALIGN (0x4)
 *(.isr_vector)
 .isr_vector    0x0000000008000000      0x10c Startup/startup_stm32f103c8tx.o
                0x0000000008000000                g_pfnVectors
                0x000000000800010c                . = ALIGN (0x4)

.text           0x0000000008000110     0x4284
                0x0000000008000110                . = ALIGN (0x4)
 *(.text)
 .text          0x0000000008000110       0x40 c:/st/stm32cubeide_1.0.0/stm32cubeide/plugins/com.st.stm32cube.ide.mcu.externaltools.gnu-tools-for-stm32.7-2018-q2-update.win32_1.0.0.201904181610/tools/bin/../lib/gcc/arm-none-eabi/7.3.1/thumb/v7-m/crtbegin.o
 .text          0x0000000008000150      0x378 c:/st/stm32cubeide_1.0.0/stm32cubeide/plugins/com.st.stm32cube.ide.mcu.externaltools.gnu-tools-for-stm32.7-2018-q2-update.win32_1.0.0.201904181610/tools/bin/../lib/gcc/arm-none-eabi/7.3.1/thumb/v7-m\libgcc.a(_arm_addsubdf3.o)
                0x0000000008000150                __aeabi_drsub
                0x0000000008000158                __aeabi_dsub
                0x0000000008000158                __subdf3
                0x000000000800015c                __aeabi_dadd
                0x000000000800015c                __adddf3
                0x00000000080003d4                __floatunsidf
                0x00000000080003d4                __aeabi_ui2d
                0x00000000080003f4                __floatsidf
                0x00000000080003f4                __aeabi_i2d
                0x0000000008000418                __aeabi_f2d
                0x0000000008000418                __extendsfdf2
                0x000000000800045c                __floatundidf
                0x000000000800045c                __aeabi_ul2d
                0x000000000800046c                __floatdidf
                0x000000000800046c                __aeabi_l2d
 .text          0x00000000080004c8      0x424 c:/st/stm32cubeide_1.0.0/stm32cubeide/plugins/com.st.stm32cube.ide.mcu.externaltools.gnu-tools-for-stm32.7-2018-q2-update.win32_1.0.0.201904181610/tools/bin/../lib/gcc/arm-none-eabi/7.3.1/thumb/v7-m\libgcc.a(_arm_muldivdf3.o)
                0x00000000080004c8                __aeabi_dmul
                0x00000000080004c8                __muldf3
                0x000000000800071c                __divdf3
                0x000000000800071c                __aeabi_ddiv
 .text          0x00000000080008ec      0x110 c:/st/stm32cubeide_1.0.0/stm32cubeide/plugins/com.st.stm32cube.ide.mcu.externaltools.gnu-tools-for-stm32.7-2018-q2-update.win32_1.0.0.201904181610/tools/bin/../lib/gcc/arm-none-eabi/7.3.1/thumb/v7-m\libgcc.a(_arm_cmpdf2.o)
                0x00000000080008ec                __gtdf2
                0x00000000080008ec                __gedf2
                0x00000000080008f4                __ltdf2
                0x00000000080008f4                __ledf2
                0x00000000080008fc                __nedf2
                0x00000000080008fc                __eqdf2
                0x00000000080008fc                __cmpdf2
                0x0000000008000978                __aeabi_cdrcmple
                0x0000000008000988                __aeabi_cdcmpeq
                0x0000000008000988                __aeabi_cdcmple
                0x0000000008000998                __aeabi_dcmpeq
                0x00000000080009ac                __aeabi_dcmplt
                0x00000000080009c0                __aeabi_dcmple
                0x00000000080009d4                __aeabi_dcmpge
                0x00000000080009e8                __aeabi_dcmpgt
 .text          0x00000000080009fc       0xa0 c:/st/stm32cubeide_1.0.0/stm32cubeide/plugins/com.st.stm32cube.ide.mcu.externaltools.gnu-tools-for-stm32.7-2018-q2-update.win32_1.0.0.201904181610/tools/bin/../lib/gcc/arm-none-eabi/7.3.1/thumb/v7-m\libgcc.a(_arm_truncdfsf2.o)
                0x00000000080009fc                __truncdfsf2
                0x00000000080009fc                __aeabi_d2f
 .text          0x0000000008000a9c      0x21c c:/st/stm32cubeide_1.0.0/stm32cubeide/plugins/com.st.stm32cube.ide.mcu.externaltools.gnu-tools-for-stm32.7-2018-q2-update.win32_1.0.0.201904181610/tools/bin/../lib/gcc/arm-none-eabi/7.3.1/thumb/v7-m\libgcc.a(_arm_addsubsf3.o)
                0x0000000008000a9c                __aeabi_frsub
                0x0000000008000aa4                __subsf3
                0x0000000008000aa4                __aeabi_fsub
                0x0000000008000aa8                __aeabi_fadd
                0x0000000008000aa8                __addsf3
                0x0000000008000c08                __aeabi_ui2f
                0x0000000008000c08                __floatunsisf
                0x0000000008000c10                __aeabi_i2f
                0x0000000008000c10                __floatsisf
                0x0000000008000c2c                __aeabi_ul2f
                0x0000000008000c2c                __floatundisf
                0x0000000008000c3c                __aeabi_l2f
                0x0000000008000c3c                __floatdisf
 .text          0x0000000008000cb8      0x2a0 c:/st/stm32cubeide_1.0.0/stm32cubeide/plugins/com.st.stm32cube.ide.mcu.externaltools.gnu-tools-for-stm32.7-2018-q2-update.win32_1.0.0.201904181610/tools/bin/../lib/gcc/arm-none-eabi/7.3.1/thumb/v7-m\libgcc.a(_arm_muldivsf3.o)
                0x0000000008000cb8                __mulsf3
                0x0000000008000cb8                __aeabi_fmul
                0x0000000008000e20                __aeabi_fdiv
                0x0000000008000e20                __divsf3
 .text          0x0000000008000f58       0x4c c:/st/stm32cubeide_1.0.0/stm32cubeide/plugins/com.st.stm32cube.ide.mcu.externaltools.gnu-tools-for-stm32.7-2018-q2-update.win32_1.0.0.201904181610/tools/bin/../lib/gcc/arm-none-eabi/7.3.1/thumb/v7-m\libgcc.a(_arm_fixsfsi.o)
                0x0000000008000f58                __aeabi_f2iz
                0x0000000008000f58                __fixsfsi
 *(.text*)
 .text.HAL_Init
                0x0000000008000fa4       0x2c Drivers/STM32F1xx_HAL_Driver/Src/stm32f1xx_hal.o
                0x0000000008000fa4                HAL_Init
 .text.HAL_InitTick
                0x0000000008000fd0       0x60 Drivers/STM32F1xx_HAL_Driver/Src/stm32f1xx_hal.o
                0x0000000008000fd0                HAL_InitTick
 .text.HAL_IncTick
                0x0000000008001030       0x24 Drivers/STM32F1xx_HAL_Driver/Src/stm32f1xx_hal.o
                0x0000000008001030                HAL_IncTick
 .text.HAL_GetTick
                0x0000000008001054       0x14 Drivers/STM32F1xx_HAL_Driver/Src/stm32f1xx_hal.o
                0x0000000008001054                HAL_GetTick
 .text.__NVIC_SetPriorityGrouping
                0x0000000008001068       0x48 Drivers/STM32F1xx_HAL_Driver/Src/stm32f1xx_hal_cortex.o
 .text.__NVIC_GetPriorityGrouping
                0x00000000080010b0       0x1c Drivers/STM32F1xx_HAL_Driver/Src/stm32f1xx_hal_cortex.o
 .text.__NVIC_EnableIRQ
                0x00000000080010cc       0x38 Drivers/STM32F1xx_HAL_Driver/Src/stm32f1xx_hal_cortex.o
 .text.__NVIC_SetPriority
                0x0000000008001104       0x54 Drivers/STM32F1xx_HAL_Driver/Src/stm32f1xx_hal_cortex.o
 .text.NVIC_EncodePriority
                0x0000000008001158       0x64 Drivers/STM32F1xx_HAL_Driver/Src/stm32f1xx_hal_cortex.o
 .text.SysTick_Config
                0x00000000080011bc       0x44 Drivers/STM32F1xx_HAL_Driver/Src/stm32f1xx_hal_cortex.o
 .text.HAL_NVIC_SetPriorityGrouping
                0x0000000008001200       0x16 Drivers/STM32F1xx_HAL_Driver/Src/stm32f1xx_hal_cortex.o
                0x0000000008001200                HAL_NVIC_SetPriorityGrouping
 .text.HAL_NVIC_SetPriority
                0x0000000008001216       0x38 Drivers/STM32F1xx_HAL_Driver/Src/stm32f1xx_hal_cortex.o
                0x0000000008001216                HAL_NVIC_SetPriority
 .text.HAL_NVIC_EnableIRQ
                0x000000000800124e       0x1c Drivers/STM32F1xx_HAL_Driver/Src/stm32f1xx_hal_cortex.o
                0x000000000800124e                HAL_NVIC_EnableIRQ
 .text.HAL_SYSTICK_Config
                0x000000000800126a       0x18 Drivers/STM32F1xx_HAL_Driver/Src/stm32f1xx_hal_cortex.o
                0x000000000800126a                HAL_SYSTICK_Config
 *fill*         0x0000000008001282        0x2 
 .text.HAL_DMA_Init
                0x0000000008001284       0xb4 Drivers/STM32F1xx_HAL_Driver/Src/stm32f1xx_hal_dma.o
                0x0000000008001284                HAL_DMA_Init
 .text.HAL_DMA_Start_IT
                0x0000000008001338       0xbe Drivers/STM32F1xx_HAL_Driver/Src/stm32f1xx_hal_dma.o
                0x0000000008001338                HAL_DMA_Start_IT
 *fill*         0x00000000080013f6        0x2 
 .text.HAL_DMA_IRQHandler
                0x00000000080013f8      0x20c Drivers/STM32F1xx_HAL_Driver/Src/stm32f1xx_hal_dma.o
                0x00000000080013f8                HAL_DMA_IRQHandler
 .text.DMA_SetConfig
                0x0000000008001604       0x5a Drivers/STM32F1xx_HAL_Driver/Src/stm32f1xx_hal_dma.o
 *fill*         0x000000000800165e        0x2 
 .text.HAL_GPIO_Init
                0x0000000008001660      0x2b4 Drivers/STM32F1xx_HAL_Driver/Src/stm32f1xx_hal_gpio.o
                0x0000000008001660                HAL_GPIO_Init
 .text.HAL_GPIO_WritePin
                0x0000000008001914       0x30 Drivers/STM32F1xx_HAL_Driver/Src/stm32f1xx_hal_gpio.o
                0x0000000008001914                HAL_GPIO_WritePin
 .text.HAL_RCC_OscConfig
                0x0000000008001944      0x500 Drivers/STM32F1xx_HAL_Driver/Src/stm32f1xx_hal_rcc.o
                0x0000000008001944                HAL_RCC_OscConfig
 .text.HAL_RCC_ClockConfig
                0x0000000008001e44      0x1d4 Drivers/STM32F1xx_HAL_Driver/Src/stm32f1xx_hal_rcc.o
                0x0000000008001e44                HAL_RCC_ClockConfig
 .text.HAL_RCC_GetSysClockFreq
                0x0000000008002018       0xc4 Drivers/STM32F1xx_HAL_Driver/Src/stm32f1xx_hal_rcc.o
                0x0000000008002018                HAL_RCC_GetSysClockFreq
 .text.HAL_RCC_GetHCLKFreq
                0x00000000080020dc       0x14 Drivers/STM32F1xx_HAL_Driver/Src/stm32f1xx_hal_rcc.o
                0x00000000080020dc                HAL_RCC_GetHCLKFreq
 .text.HAL_RCC_GetPCLK1Freq
                0x00000000080020f0       0x28 Drivers/STM32F1xx_HAL_Driver/Src/stm32f1xx_hal_rcc.o
                0x00000000080020f0                HAL_RCC_GetPCLK1Freq
 .text.HAL_RCC_GetPCLK2Freq
                0x0000000008002118       0x28 Drivers/STM32F1xx_HAL_Driver/Src/stm32f1xx_hal_rcc.o
                0x0000000008002118                HAL_RCC_GetPCLK2Freq
 .text.RCC_Delay
                0x0000000008002140       0x3c Drivers/STM32F1xx_HAL_Driver/Src/stm32f1xx_hal_rcc.o
 .text.HAL_TIM_PWM_Init
                0x000000000800217c       0x56 Drivers/STM32F1xx_HAL_Driver/Src/stm32f1xx_hal_tim.o
                0x000000000800217c                HAL_TIM_PWM_Init
 *fill*         0x00000000080021d2        0x2 
 .text.HAL_TIM_PWM_Start
                0x00000000080021d4       0x64 Drivers/STM32F1xx_HAL_Driver/Src/stm32f1xx_hal_tim.o
                0x00000000080021d4                HAL_TIM_PWM_Start
 .text.HAL_TIM_Encoder_Init
                0x0000000008002238      0x11c Drivers/STM32F1xx_HAL_Driver/Src/stm32f1xx_hal_tim.o
                0x0000000008002238                HAL_TIM_Encoder_Init
 .text.HAL_TIM_Encoder_Start
                0x0000000008002354       0x6e Drivers/STM32F1xx_HAL_Driver/Src/stm32f1xx_hal_tim.o
                0x0000000008002354                HAL_TIM_Encoder_Start
 *fill*         0x00000000080023c2        0x2 
 .text.HAL_TIM_PWM_ConfigChannel
                0x00000000080023c4      0x18c Drivers/STM32F1xx_HAL_Driver/Src/stm32f1xx_hal_tim.o
                0x00000000080023c4                HAL_TIM_PWM_ConfigChannel
 .text.TIM_Base_SetConfig
                0x0000000008002550       0xc4 Drivers/STM32F1xx_HAL_Driver/Src/stm32f1xx_hal_tim.o
                0x0000000008002550                TIM_Base_SetConfig
 .text.TIM_OC1_SetConfig
                0x0000000008002614       0xcc Drivers/STM32F1xx_HAL_Driver/Src/stm32f1xx_hal_tim.o
 .text.TIM_OC2_SetConfig
                0x00000000080026e0       0xd4 Drivers/STM32F1xx_HAL_Driver/Src/stm32f1xx_hal_tim.o
                0x00000000080026e0                TIM_OC2_SetConfig
 .text.TIM_OC3_SetConfig
                0x00000000080027b4       0xd4 Drivers/STM32F1xx_HAL_Driver/Src/stm32f1xx_hal_tim.o
 .text.TIM_OC4_SetConfig
                0x0000000008002888       0x9c Drivers/STM32F1xx_HAL_Driver/Src/stm32f1xx_hal_tim.o
 .text.TIM_CCxChannelCmd
                0x0000000008002924       0x48 Drivers/STM32F1xx_HAL_Driver/Src/stm32f1xx_hal_tim.o
                0x0000000008002924                TIM_CCxChannelCmd
 .text.HAL_TIMEx_MasterConfigSynchronization
                0x000000000800296c       0x88 Drivers/STM32F1xx_HAL_Driver/Src/stm32f1xx_hal_tim_ex.o
                0x000000000800296c                HAL_TIMEx_MasterConfigSynchronization
 .text.HAL_TIMEx_ConfigBreakDeadTime
                0x00000000080029f4       0xa2 Drivers/STM32F1xx_HAL_Driver/Src/stm32f1xx_hal_tim_ex.o
                0x00000000080029f4                HAL_TIMEx_ConfigBreakDeadTime
 .text.HAL_UART_Init
                0x0000000008002a96       0x9a Drivers/STM32F1xx_HAL_Driver/Src/stm32f1xx_hal_uart.o
                0x0000000008002a96                HAL_UART_Init
 .text.HAL_UART_Receive_DMA
                0x0000000008002b30      0x100 Drivers/STM32F1xx_HAL_Driver/Src/stm32f1xx_hal_uart.o
                0x0000000008002b30                HAL_UART_Receive_DMA
 .text.HAL_UART_ErrorCallback
                0x0000000008002c30       0x12 Drivers/STM32F1xx_HAL_Driver/Src/stm32f1xx_hal_uart.o
                0x0000000008002c30                HAL_UART_ErrorCallback
 .text.UART_DMAReceiveCplt
                0x0000000008002c42       0x68 Drivers/STM32F1xx_HAL_Driver/Src/stm32f1xx_hal_uart.o
 .text.UART_DMARxHalfCplt
                0x0000000008002caa       0x1c Drivers/STM32F1xx_HAL_Driver/Src/stm32f1xx_hal_uart.o
 .text.UART_DMAError
                0x0000000008002cc6       0x94 Drivers/STM32F1xx_HAL_Driver/Src/stm32f1xx_hal_uart.o
 .text.UART_EndTxTransfer
                0x0000000008002d5a       0x2a Drivers/STM32F1xx_HAL_Driver/Src/stm32f1xx_hal_uart.o
 .text.UART_EndRxTransfer
                0x0000000008002d84       0x3a Drivers/STM32F1xx_HAL_Driver/Src/stm32f1xx_hal_uart.o
 *fill*         0x0000000008002dbe        0x2 
 .text.UART_SetConfig
                0x0000000008002dc0      0x1b4 Drivers/STM32F1xx_HAL_Driver/Src/stm32f1xx_hal_uart.o
 *fill*         0x0000000008002f74        0x4 
 .text.decoupling
                0x0000000008002f78       0x98 Src/algorithm.o
                0x0000000008002f78                decoupling
 .text.fliter   0x0000000008003010      0x164 Src/algorithm.o
                0x0000000008003010                fliter
 .text.PID_Inc  0x0000000008003174       0x9a Src/algorithm.o
                0x0000000008003174                PID_Inc
 .text.saturation
                0x000000000800320e       0x38 Src/algorithm.o
                0x000000000800320e                saturation
 *fill*         0x0000000008003246        0x2 
 .text.PID_R_motor
                0x0000000008003248      0x108 Src/algorithm.o
                0x0000000008003248                PID_R_motor
 .text.PID_L_motor
                0x0000000008003350      0x108 Src/algorithm.o
                0x0000000008003350                PID_L_motor
 .text.main     0x0000000008003458       0x32 Src/main.o
                0x0000000008003458                main
 .text.SystemClock_Config
                0x000000000800348a       0x8a Src/main.o
                0x000000000800348a                SystemClock_Config
 .text.MX_TIM1_Init
                0x0000000008003514      0x104 Src/main.o
 .text.MX_TIM2_Init
                0x0000000008003618       0xb0 Src/main.o
 .text.MX_TIM3_Init
                0x00000000080036c8       0xa8 Src/main.o
 .text.MX_TIM4_Init
                0x0000000008003770       0xa8 Src/main.o
 .text.MX_USART1_UART_Init
                0x0000000008003818       0x54 Src/main.o
 .text.MX_DMA_Init
                0x000000000800386c       0x4c Src/main.o
 .text.MX_GPIO_Init
                0x00000000080038b8       0xc4 Src/main.o
 .text.Error_Handler
                0x000000000800397c        0xc Src/main.o
                0x000000000800397c                Error_Handler
 .text.motor_init
                0x0000000008003988       0x6c Src/motor.o
                0x0000000008003988                motor_init
 .text.set_motor_PWM
                0x00000000080039f4       0x8c Src/motor.o
                0x00000000080039f4                set_motor_PWM
 .text.get_motor_speed
                0x0000000008003a80      0x128 Src/motor.o
                0x0000000008003a80                get_motor_speed
 .text.my_one_step
                0x0000000008003ba8      0x170 Src/motor.o
                0x0000000008003ba8                my_one_step
 .text.my_uart_init
                0x0000000008003d18       0x1c Src/my_uart.o
                0x0000000008003d18                my_uart_init
 .text.transfer_data_old
                0x0000000008003d34       0x7c Src/my_uart.o
                0x0000000008003d34                transfer_data_old
 .text.HAL_UART_RxHalfCpltCallback
                0x0000000008003db0       0x4c Src/my_uart.o
                0x0000000008003db0                HAL_UART_RxHalfCpltCallback
 .text.HAL_UART_RxCpltCallback
                0x0000000008003dfc       0x50 Src/my_uart.o
                0x0000000008003dfc                HAL_UART_RxCpltCallback
 .text.HAL_MspInit
                0x0000000008003e4c       0x64 Src/stm32f1xx_hal_msp.o
                0x0000000008003e4c                HAL_MspInit
 .text.HAL_TIM_PWM_MspInit
                0x0000000008003eb0       0x60 Src/stm32f1xx_hal_msp.o
                0x0000000008003eb0                HAL_TIM_PWM_MspInit
 .text.HAL_TIM_Encoder_MspInit
                0x0000000008003f10       0xd8 Src/stm32f1xx_hal_msp.o
                0x0000000008003f10                HAL_TIM_Encoder_MspInit
 .text.HAL_TIM_MspPostInit
                0x0000000008003fe8       0xa4 Src/stm32f1xx_hal_msp.o
                0x0000000008003fe8                HAL_TIM_MspPostInit
 .text.HAL_UART_MspInit
                0x000000000800408c      0x144 Src/stm32f1xx_hal_msp.o
                0x000000000800408c                HAL_UART_MspInit
 .text.NMI_Handler
                0x00000000080041d0        0xc Src/stm32f1xx_it.o
                0x00000000080041d0                NMI_Handler
 .text.HardFault_Handler
                0x00000000080041dc        0x6 Src/stm32f1xx_it.o
                0x00000000080041dc                HardFault_Handler
 .text.MemManage_Handler
                0x00000000080041e2        0x6 Src/stm32f1xx_it.o
                0x00000000080041e2                MemManage_Handler
 .text.BusFault_Handler
                0x00000000080041e8        0x6 Src/stm32f1xx_it.o
                0x00000000080041e8                BusFault_Handler
 .text.UsageFault_Handler
                0x00000000080041ee        0x6 Src/stm32f1xx_it.o
                0x00000000080041ee                UsageFault_Handler
 .text.SVC_Handler
                0x00000000080041f4        0xc Src/stm32f1xx_it.o
                0x00000000080041f4                SVC_Handler
 .text.DebugMon_Handler
                0x0000000008004200        0xc Src/stm32f1xx_it.o
                0x0000000008004200                DebugMon_Handler
 .text.PendSV_Handler
                0x000000000800420c        0xc Src/stm32f1xx_it.o
                0x000000000800420c                PendSV_Handler
 .text.SysTick_Handler
                0x0000000008004218       0x30 Src/stm32f1xx_it.o
                0x0000000008004218                SysTick_Handler
 .text.DMA1_Channel4_IRQHandler
                0x0000000008004248       0x14 Src/stm32f1xx_it.o
                0x0000000008004248                DMA1_Channel4_IRQHandler
 .text.DMA1_Channel5_IRQHandler
                0x000000000800425c       0x14 Src/stm32f1xx_it.o
                0x000000000800425c                DMA1_Channel5_IRQHandler
 .text.SystemInit
                0x0000000008004270       0x68 Src/system_stm32f1xx.o
                0x0000000008004270                SystemInit
 .text.Reset_Handler
                0x00000000080042d8       0x48 Startup/startup_stm32f103c8tx.o
                0x00000000080042d8                Reset_Handler
 .text.Default_Handler
                0x0000000008004320        0x2 Startup/startup_stm32f103c8tx.o
                0x0000000008004320                RTC_Alarm_IRQHandler
                0x0000000008004320                EXTI2_IRQHandler
                0x0000000008004320                TIM1_CC_IRQHandler
                0x0000000008004320                PVD_IRQHandler
                0x0000000008004320                EXTI3_IRQHandler
                0x0000000008004320                EXTI0_IRQHandler
                0x0000000008004320                I2C2_EV_IRQHandler
                0x0000000008004320                ADC1_2_IRQHandler
                0x0000000008004320                SPI1_IRQHandler
                0x0000000008004320                TAMPER_IRQHandler
                0x0000000008004320                USART3_IRQHandler
                0x0000000008004320                RTC_IRQHandler
                0x0000000008004320                DMA1_Channel7_IRQHandler
                0x0000000008004320                CAN1_RX1_IRQHandler
                0x0000000008004320                TIM4_IRQHandler
                0x0000000008004320                I2C1_EV_IRQHandler
                0x0000000008004320                DMA1_Channel6_IRQHandler
                0x0000000008004320                TIM3_IRQHandler
                0x0000000008004320                RCC_IRQHandler
                0x0000000008004320                TIM1_TRG_COM_IRQHandler
                0x0000000008004320                DMA1_Channel1_IRQHandler
                0x0000000008004320                Default_Handler
                0x0000000008004320                EXTI15_10_IRQHandler
                0x0000000008004320                EXTI9_5_IRQHandler
                0x0000000008004320                SPI2_IRQHandler
                0x0000000008004320                EXTI4_IRQHandler
                0x0000000008004320                USB_LP_CAN1_RX0_IRQHandler
                0x0000000008004320                USB_HP_CAN1_TX_IRQHandler
                0x0000000008004320                DMA1_Channel3_IRQHandler
                0x0000000008004320                TIM1_UP_IRQHandler
                0x0000000008004320                WWDG_IRQHandler
                0x0000000008004320                TIM2_IRQHandler
                0x0000000008004320                TIM1_BRK_IRQHandler
                0x0000000008004320                EXTI1_IRQHandler
                0x0000000008004320                USART2_IRQHandler
                0x0000000008004320                I2C2_ER_IRQHandler
                0x0000000008004320                DMA1_Channel2_IRQHandler
                0x0000000008004320                CAN1_SCE_IRQHandler
                0x0000000008004320                FLASH_IRQHandler
                0x0000000008004320                USART1_IRQHandler
                0x0000000008004320                I2C1_ER_IRQHandler
                0x0000000008004320                USBWakeUp_IRQHandler
 *fill*         0x0000000008004322        0x2 
 .text.__libc_init_array
                0x0000000008004324       0x48 c:/st/stm32cubeide_1.0.0/stm32cubeide/plugins/com.st.stm32cube.ide.mcu.externaltools.gnu-tools-for-stm32.7-2018-q2-update.win32_1.0.0.201904181610/tools/bin/../lib/gcc/arm-none-eabi/7.3.1/../../../../arm-none-eabi/lib/thumb/v7-m\libc_nano.a(lib_a-init.o)
                0x0000000008004324                __libc_init_array
 .text.memset   0x000000000800436c       0x10 c:/st/stm32cubeide_1.0.0/stm32cubeide/plugins/com.st.stm32cube.ide.mcu.externaltools.gnu-tools-for-stm32.7-2018-q2-update.win32_1.0.0.201904181610/tools/bin/../lib/gcc/arm-none-eabi/7.3.1/../../../../arm-none-eabi/lib/thumb/v7-m\libc_nano.a(lib_a-memset.o)
                0x000000000800436c                memset
 *(.glue_7)
 .glue_7        0x000000000800437c        0x0 linker stubs
 *(.glue_7t)
 .glue_7t       0x000000000800437c        0x0 linker stubs
 *(.eh_frame)
 .eh_frame      0x000000000800437c        0x0 c:/st/stm32cubeide_1.0.0/stm32cubeide/plugins/com.st.stm32cube.ide.mcu.externaltools.gnu-tools-for-stm32.7-2018-q2-update.win32_1.0.0.201904181610/tools/bin/../lib/gcc/arm-none-eabi/7.3.1/thumb/v7-m/crtbegin.o
 *(.init)
 .init          0x000000000800437c        0x4 c:/st/stm32cubeide_1.0.0/stm32cubeide/plugins/com.st.stm32cube.ide.mcu.externaltools.gnu-tools-for-stm32.7-2018-q2-update.win32_1.0.0.201904181610/tools/bin/../lib/gcc/arm-none-eabi/7.3.1/thumb/v7-m/crti.o
                0x000000000800437c                _init
 .init          0x0000000008004380        0x8 c:/st/stm32cubeide_1.0.0/stm32cubeide/plugins/com.st.stm32cube.ide.mcu.externaltools.gnu-tools-for-stm32.7-2018-q2-update.win32_1.0.0.201904181610/tools/bin/../lib/gcc/arm-none-eabi/7.3.1/thumb/v7-m/crtn.o
 *(.fini)
 .fini          0x0000000008004388        0x4 c:/st/stm32cubeide_1.0.0/stm32cubeide/plugins/com.st.stm32cube.ide.mcu.externaltools.gnu-tools-for-stm32.7-2018-q2-update.win32_1.0.0.201904181610/tools/bin/../lib/gcc/arm-none-eabi/7.3.1/thumb/v7-m/crti.o
                0x0000000008004388                _fini
 .fini          0x000000000800438c        0x8 c:/st/stm32cubeide_1.0.0/stm32cubeide/plugins/com.st.stm32cube.ide.mcu.externaltools.gnu-tools-for-stm32.7-2018-q2-update.win32_1.0.0.201904181610/tools/bin/../lib/gcc/arm-none-eabi/7.3.1/thumb/v7-m/crtn.o
                0x0000000008004394                . = ALIGN (0x4)
                0x0000000008004394                _etext = .

.vfp11_veneer   0x0000000008004394        0x0
 .vfp11_veneer  0x0000000008004394        0x0 linker stubs

.v4_bx          0x0000000008004394        0x0
 .v4_bx         0x0000000008004394        0x0 linker stubs

.iplt           0x0000000008004394        0x0
 .iplt          0x0000000008004394        0x0 c:/st/stm32cubeide_1.0.0/stm32cubeide/plugins/com.st.stm32cube.ide.mcu.externaltools.gnu-tools-for-stm32.7-2018-q2-update.win32_1.0.0.201904181610/tools/bin/../lib/gcc/arm-none-eabi/7.3.1/thumb/v7-m/crtbegin.o

.rodata         0x0000000008004394       0x2c
                0x0000000008004394                . = ALIGN (0x4)
 *(.rodata)
 .rodata        0x0000000008004394       0x12 Drivers/STM32F1xx_HAL_Driver/Src/stm32f1xx_hal_rcc.o
 *(.rodata*)
 *fill*         0x00000000080043a6        0x2 
 .rodata.AHBPrescTable
                0x00000000080043a8       0x10 Src/system_stm32f1xx.o
                0x00000000080043a8                AHBPrescTable
 .rodata.APBPrescTable
                0x00000000080043b8        0x8 Src/system_stm32f1xx.o
                0x00000000080043b8                APBPrescTable
                0x00000000080043c0                . = ALIGN (0x4)

.rel.dyn        0x00000000080043c0        0x0
 .rel.iplt      0x00000000080043c0        0x0 c:/st/stm32cubeide_1.0.0/stm32cubeide/plugins/com.st.stm32cube.ide.mcu.externaltools.gnu-tools-for-stm32.7-2018-q2-update.win32_1.0.0.201904181610/tools/bin/../lib/gcc/arm-none-eabi/7.3.1/thumb/v7-m/crtbegin.o

.ARM.extab      0x00000000080043c0        0x0
                0x00000000080043c0                . = ALIGN (0x4)
 *(.ARM.extab* .gnu.linkonce.armextab.*)
                0x00000000080043c0                . = ALIGN (0x4)

.ARM            0x00000000080043c0        0x0
                0x00000000080043c0                . = ALIGN (0x4)
                0x00000000080043c0                __exidx_start = .
 *(.ARM.exidx*)
                0x00000000080043c0                __exidx_end = .
                0x00000000080043c0                . = ALIGN (0x4)

.preinit_array  0x00000000080043c0        0x0
                0x00000000080043c0                . = ALIGN (0x4)
                0x00000000080043c0                PROVIDE (__preinit_array_start = .)
 *(.preinit_array*)
                0x00000000080043c0                PROVIDE (__preinit_array_end = .)
                0x00000000080043c0                . = ALIGN (0x4)

.init_array     0x00000000080043c0        0x4
                0x00000000080043c0                . = ALIGN (0x4)
                0x00000000080043c0                PROVIDE (__init_array_start = .)
 *(SORT_BY_NAME(.init_array.*))
 *(.init_array*)
 .init_array    0x00000000080043c0        0x4 c:/st/stm32cubeide_1.0.0/stm32cubeide/plugins/com.st.stm32cube.ide.mcu.externaltools.gnu-tools-for-stm32.7-2018-q2-update.win32_1.0.0.201904181610/tools/bin/../lib/gcc/arm-none-eabi/7.3.1/thumb/v7-m/crtbegin.o
                0x00000000080043c4                PROVIDE (__init_array_end = .)
                0x00000000080043c4                . = ALIGN (0x4)

.fini_array     0x00000000080043c4        0x4
                0x00000000080043c4                . = ALIGN (0x4)
                [!provide]                        PROVIDE (__fini_array_start = .)
 *(SORT_BY_NAME(.fini_array.*))
 *(.fini_array*)
 .fini_array    0x00000000080043c4        0x4 c:/st/stm32cubeide_1.0.0/stm32cubeide/plugins/com.st.stm32cube.ide.mcu.externaltools.gnu-tools-for-stm32.7-2018-q2-update.win32_1.0.0.201904181610/tools/bin/../lib/gcc/arm-none-eabi/7.3.1/thumb/v7-m/crtbegin.o
                [!provide]                        PROVIDE (__fini_array_end = .)
                0x00000000080043c8                . = ALIGN (0x4)
                0x00000000080043c8                _sidata = LOADADDR (.data)

.data           0x0000000020000000       0x50 load address 0x00000000080043c8
                0x0000000020000000                . = ALIGN (0x4)
                0x0000000020000000                _sdata = .
 *(.data)
 *(.data*)
 .data.uwTickPrio
                0x0000000020000000        0x4 Drivers/STM32F1xx_HAL_Driver/Src/stm32f1xx_hal.o
                0x0000000020000000                uwTickPrio
 .data.uwTickFreq
                0x0000000020000004        0x1 Drivers/STM32F1xx_HAL_Driver/Src/stm32f1xx_hal.o
                0x0000000020000004                uwTickFreq
 *fill*         0x0000000020000005        0x3 
 .data.transfer_data.7278
                0x0000000020000008       0x10 Src/algorithm.o
 .data.Parameters_data.7279
                0x0000000020000018       0x10 Src/algorithm.o
 .data.transfer_data.7287
                0x0000000020000028       0x10 Src/algorithm.o
 .data.Parameters_data.7288
                0x0000000020000038       0x10 Src/algorithm.o
 .data.RollSpeed
                0x0000000020000048        0x4 Src/my_uart.o
                0x0000000020000048                RollSpeed
 .data.SystemCoreClock
                0x000000002000004c        0x4 Src/system_stm32f1xx.o
                0x000000002000004c                SystemCoreClock
                0x0000000020000050                . = ALIGN (0x4)
                0x0000000020000050                _edata = .

.igot.plt       0x0000000020000050        0x0 load address 0x0000000008004418
 .igot.plt      0x0000000020000050        0x0 c:/st/stm32cubeide_1.0.0/stm32cubeide/plugins/com.st.stm32cube.ide.mcu.externaltools.gnu-tools-for-stm32.7-2018-q2-update.win32_1.0.0.201904181610/tools/bin/../lib/gcc/arm-none-eabi/7.3.1/thumb/v7-m/crtbegin.o
                0x0000000020000050                . = ALIGN (0x4)

.bss            0x0000000020000050      0x294 load address 0x0000000008004418
                0x0000000020000050                _sbss = .
                0x0000000020000050                __bss_start__ = _sbss
 *(.bss)
 .bss           0x0000000020000050       0x1c c:/st/stm32cubeide_1.0.0/stm32cubeide/plugins/com.st.stm32cube.ide.mcu.externaltools.gnu-tools-for-stm32.7-2018-q2-update.win32_1.0.0.201904181610/tools/bin/../lib/gcc/arm-none-eabi/7.3.1/thumb/v7-m/crtbegin.o
 *(.bss*)
 .bss.A.7258    0x000000002000006c        0x4 Src/algorithm.o
 .bss.B.7259    0x0000000020000070        0x4 Src/algorithm.o
 .bss.C.7260    0x0000000020000074        0x4 Src/algorithm.o
 .bss.u_return.7261
                0x0000000020000078        0x4 Src/algorithm.o
 .bss.Filter_data.7281
                0x000000002000007c       0x10 Src/algorithm.o
 .bss.PID_data.7282
                0x000000002000008c       0x1c Src/algorithm.o
 .bss.Filter_data.7290
                0x00000000200000a8       0x10 Src/algorithm.o
 .bss.PID_data.7291
                0x00000000200000b8       0x1c Src/algorithm.o
 .bss.LeftValueOfPulseNum
                0x00000000200000d4        0x4 Src/motor.o
 .bss.RightValueOPulseNum
                0x00000000200000d8        0x4 Src/motor.o
 .bss.speed_R   0x00000000200000dc        0x4 Src/motor.o
 .bss.speed_L   0x00000000200000e0        0x4 Src/motor.o
 .bss.decouple_speed.7291
                0x00000000200000e4        0x8 Src/motor.o
 .bss.rec_data_FIFO
                0x00000000200000ec       0x14 Src/my_uart.o
 .bss.rec_data  0x0000000020000100        0xa Src/my_uart.o
 *fill*         0x000000002000010a        0x2 
 .bss.ForwardSpeed
                0x000000002000010c        0x4 Src/my_uart.o
                0x000000002000010c                ForwardSpeed
 .bss.FTUC      0x0000000020000110        0x4 Src/my_uart.o
 .bss.flag.6069
                0x0000000020000114        0x1 Src/stm32f1xx_it.o
 *(COMMON)
 *fill*         0x0000000020000115        0x3 
 COMMON         0x0000000020000118        0x4 Drivers/STM32F1xx_HAL_Driver/Src/stm32f1xx_hal.o
                0x0000000020000118                uwTick
 COMMON         0x000000002000011c      0x1c8 Src/main.o
                0x000000002000011c                htim4
                0x000000002000015c                htim3
                0x000000002000019c                hdma_usart1_tx
                0x00000000200001e0                hdma_usart1_rx
                0x0000000020000224                huart1
                0x0000000020000264                htim1
                0x00000000200002a4                htim2
                0x00000000200002e4                . = ALIGN (0x4)
                0x00000000200002e4                _ebss = .
                0x00000000200002e4                __bss_end__ = _ebss

._user_heap_stack
                0x00000000200002e4      0x604 load address 0x0000000008004418
                0x00000000200002e8                . = ALIGN (0x8)
 *fill*         0x00000000200002e4        0x4 
                0x00000000200002e8                PROVIDE (end = .)
                [!provide]                        PROVIDE (_end = .)
                0x00000000200004e8                . = (. + _Min_Heap_Size)
 *fill*         0x00000000200002e8      0x200 
                0x00000000200008e8                . = (. + _Min_Stack_Size)
 *fill*         0x00000000200004e8      0x400 
                0x00000000200008e8                . = ALIGN (0x8)

/DISCARD/
 libc.a(*)
 libm.a(*)
 libgcc.a(*)

.ARM.attributes
                0x0000000000000000       0x29
 *(.ARM.attributes)
 .ARM.attributes
                0x0000000000000000       0x1d c:/st/stm32cubeide_1.0.0/stm32cubeide/plugins/com.st.stm32cube.ide.mcu.externaltools.gnu-tools-for-stm32.7-2018-q2-update.win32_1.0.0.201904181610/tools/bin/../lib/gcc/arm-none-eabi/7.3.1/thumb/v7-m/crti.o
 .ARM.attributes
                0x000000000000001d       0x2d c:/st/stm32cubeide_1.0.0/stm32cubeide/plugins/com.st.stm32cube.ide.mcu.externaltools.gnu-tools-for-stm32.7-2018-q2-update.win32_1.0.0.201904181610/tools/bin/../lib/gcc/arm-none-eabi/7.3.1/thumb/v7-m/crtbegin.o
 .ARM.attributes
                0x000000000000004a       0x33 Drivers/STM32F1xx_HAL_Driver/Src/stm32f1xx_hal.o
 .ARM.attributes
                0x000000000000007d       0x33 Drivers/STM32F1xx_HAL_Driver/Src/stm32f1xx_hal_cortex.o
 .ARM.attributes
                0x00000000000000b0       0x33 Drivers/STM32F1xx_HAL_Driver/Src/stm32f1xx_hal_dma.o
 .ARM.attributes
                0x00000000000000e3       0x33 Drivers/STM32F1xx_HAL_Driver/Src/stm32f1xx_hal_gpio.o
 .ARM.attributes
                0x0000000000000116       0x33 Drivers/STM32F1xx_HAL_Driver/Src/stm32f1xx_hal_rcc.o
 .ARM.attributes
                0x0000000000000149       0x33 Drivers/STM32F1xx_HAL_Driver/Src/stm32f1xx_hal_tim.o
 .ARM.attributes
                0x000000000000017c       0x33 Drivers/STM32F1xx_HAL_Driver/Src/stm32f1xx_hal_tim_ex.o
 .ARM.attributes
                0x00000000000001af       0x33 Drivers/STM32F1xx_HAL_Driver/Src/stm32f1xx_hal_uart.o
 .ARM.attributes
                0x00000000000001e2       0x33 Src/algorithm.o
 .ARM.attributes
                0x0000000000000215       0x33 Src/main.o
 .ARM.attributes
                0x0000000000000248       0x33 Src/motor.o
 .ARM.attributes
                0x000000000000027b       0x33 Src/my_uart.o
 .ARM.attributes
                0x00000000000002ae       0x33 Src/stm32f1xx_hal_msp.o
 .ARM.attributes
                0x00000000000002e1       0x33 Src/stm32f1xx_it.o
 .ARM.attributes
                0x0000000000000314       0x33 Src/system_stm32f1xx.o
 .ARM.attributes
                0x0000000000000347       0x21 Startup/startup_stm32f103c8tx.o
 .ARM.attributes
                0x0000000000000368       0x2d c:/st/stm32cubeide_1.0.0/stm32cubeide/plugins/com.st.stm32cube.ide.mcu.externaltools.gnu-tools-for-stm32.7-2018-q2-update.win32_1.0.0.201904181610/tools/bin/../lib/gcc/arm-none-eabi/7.3.1/../../../../arm-none-eabi/lib/thumb/v7-m\libc_nano.a(lib_a-init.o)
 .ARM.attributes
                0x0000000000000395       0x2d c:/st/stm32cubeide_1.0.0/stm32cubeide/plugins/com.st.stm32cube.ide.mcu.externaltools.gnu-tools-for-stm32.7-2018-q2-update.win32_1.0.0.201904181610/tools/bin/../lib/gcc/arm-none-eabi/7.3.1/../../../../arm-none-eabi/lib/thumb/v7-m\libc_nano.a(lib_a-memset.o)
 .ARM.attributes
                0x00000000000003c2       0x1d c:/st/stm32cubeide_1.0.0/stm32cubeide/plugins/com.st.stm32cube.ide.mcu.externaltools.gnu-tools-for-stm32.7-2018-q2-update.win32_1.0.0.201904181610/tools/bin/../lib/gcc/arm-none-eabi/7.3.1/thumb/v7-m\libgcc.a(_arm_addsubdf3.o)
 .ARM.attributes
                0x00000000000003df       0x1d c:/st/stm32cubeide_1.0.0/stm32cubeide/plugins/com.st.stm32cube.ide.mcu.externaltools.gnu-tools-for-stm32.7-2018-q2-update.win32_1.0.0.201904181610/tools/bin/../lib/gcc/arm-none-eabi/7.3.1/thumb/v7-m\libgcc.a(_arm_muldivdf3.o)
 .ARM.attributes
                0x00000000000003fc       0x1d c:/st/stm32cubeide_1.0.0/stm32cubeide/plugins/com.st.stm32cube.ide.mcu.externaltools.gnu-tools-for-stm32.7-2018-q2-update.win32_1.0.0.201904181610/tools/bin/../lib/gcc/arm-none-eabi/7.3.1/thumb/v7-m\libgcc.a(_arm_cmpdf2.o)
 .ARM.attributes
                0x0000000000000419       0x1d c:/st/stm32cubeide_1.0.0/stm32cubeide/plugins/com.st.stm32cube.ide.mcu.externaltools.gnu-tools-for-stm32.7-2018-q2-update.win32_1.0.0.201904181610/tools/bin/../lib/gcc/arm-none-eabi/7.3.1/thumb/v7-m\libgcc.a(_arm_truncdfsf2.o)
 .ARM.attributes
                0x0000000000000436       0x1d c:/st/stm32cubeide_1.0.0/stm32cubeide/plugins/com.st.stm32cube.ide.mcu.externaltools.gnu-tools-for-stm32.7-2018-q2-update.win32_1.0.0.201904181610/tools/bin/../lib/gcc/arm-none-eabi/7.3.1/thumb/v7-m\libgcc.a(_arm_addsubsf3.o)
 .ARM.attributes
                0x0000000000000453       0x1d c:/st/stm32cubeide_1.0.0/stm32cubeide/plugins/com.st.stm32cube.ide.mcu.externaltools.gnu-tools-for-stm32.7-2018-q2-update.win32_1.0.0.201904181610/tools/bin/../lib/gcc/arm-none-eabi/7.3.1/thumb/v7-m\libgcc.a(_arm_muldivsf3.o)
 .ARM.attributes
                0x0000000000000470       0x1d c:/st/stm32cubeide_1.0.0/stm32cubeide/plugins/com.st.stm32cube.ide.mcu.externaltools.gnu-tools-for-stm32.7-2018-q2-update.win32_1.0.0.201904181610/tools/bin/../lib/gcc/arm-none-eabi/7.3.1/thumb/v7-m\libgcc.a(_arm_fixsfsi.o)
 .ARM.attributes
                0x000000000000048d       0x1d c:/st/stm32cubeide_1.0.0/stm32cubeide/plugins/com.st.stm32cube.ide.mcu.externaltools.gnu-tools-for-stm32.7-2018-q2-update.win32_1.0.0.201904181610/tools/bin/../lib/gcc/arm-none-eabi/7.3.1/thumb/v7-m/crtn.o
OUTPUT(motor_control.elf elf32-littlearm)

.debug_info     0x0000000000000000     0xbb85
 .debug_info    0x0000000000000000      0x6fe Drivers/STM32F1xx_HAL_Driver/Src/stm32f1xx_hal.o
 .debug_info    0x00000000000006fe      0xb46 Drivers/STM32F1xx_HAL_Driver/Src/stm32f1xx_hal_cortex.o
 .debug_info    0x0000000000001244      0x7a6 Drivers/STM32F1xx_HAL_Driver/Src/stm32f1xx_hal_dma.o
 .debug_info    0x00000000000019ea      0x681 Drivers/STM32F1xx_HAL_Driver/Src/stm32f1xx_hal_gpio.o
 .debug_info    0x000000000000206b      0x804 Drivers/STM32F1xx_HAL_Driver/Src/stm32f1xx_hal_rcc.o
 .debug_info    0x000000000000286f     0x2456 Drivers/STM32F1xx_HAL_Driver/Src/stm32f1xx_hal_tim.o
 .debug_info    0x0000000000004cc5     0x1104 Drivers/STM32F1xx_HAL_Driver/Src/stm32f1xx_hal_tim_ex.o
 .debug_info    0x0000000000005dc9     0x11e3 Drivers/STM32F1xx_HAL_Driver/Src/stm32f1xx_hal_uart.o
 .debug_info    0x0000000000006fac      0xd4a Src/algorithm.o
 .debug_info    0x0000000000007cf6      0xfd7 Src/main.o
 .debug_info    0x0000000000008ccd     0x120f Src/motor.o
 .debug_info    0x0000000000009edc      0x77a Src/my_uart.o
 .debug_info    0x000000000000a656      0xc88 Src/stm32f1xx_hal_msp.o
 .debug_info    0x000000000000b2de      0x452 Src/stm32f1xx_it.o
 .debug_info    0x000000000000b730      0x433 Src/system_stm32f1xx.o
 .debug_info    0x000000000000bb63       0x22 Startup/startup_stm32f103c8tx.o

.debug_abbrev   0x0000000000000000     0x1e0d
 .debug_abbrev  0x0000000000000000      0x1d8 Drivers/STM32F1xx_HAL_Driver/Src/stm32f1xx_hal.o
 .debug_abbrev  0x00000000000001d8      0x2d5 Drivers/STM32F1xx_HAL_Driver/Src/stm32f1xx_hal_cortex.o
 .debug_abbrev  0x00000000000004ad      0x1fe Drivers/STM32F1xx_HAL_Driver/Src/stm32f1xx_hal_dma.o
 .debug_abbrev  0x00000000000006ab      0x1c0 Drivers/STM32F1xx_HAL_Driver/Src/stm32f1xx_hal_gpio.o
 .debug_abbrev  0x000000000000086b      0x243 Drivers/STM32F1xx_HAL_Driver/Src/stm32f1xx_hal_rcc.o
 .debug_abbrev  0x0000000000000aae      0x230 Drivers/STM32F1xx_HAL_Driver/Src/stm32f1xx_hal_tim.o
 .debug_abbrev  0x0000000000000cde      0x21e Drivers/STM32F1xx_HAL_Driver/Src/stm32f1xx_hal_tim_ex.o
 .debug_abbrev  0x0000000000000efc      0x242 Drivers/STM32F1xx_HAL_Driver/Src/stm32f1xx_hal_uart.o
 .debug_abbrev  0x000000000000113e      0x20b Src/algorithm.o
 .debug_abbrev  0x0000000000001349      0x217 Src/main.o
 .debug_abbrev  0x0000000000001560      0x223 Src/motor.o
 .debug_abbrev  0x0000000000001783      0x1e3 Src/my_uart.o
 .debug_abbrev  0x0000000000001966      0x1ef Src/stm32f1xx_hal_msp.o
 .debug_abbrev  0x0000000000001b55      0x172 Src/stm32f1xx_it.o
 .debug_abbrev  0x0000000000001cc7      0x134 Src/system_stm32f1xx.o
 .debug_abbrev  0x0000000000001dfb       0x12 Startup/startup_stm32f103c8tx.o

.debug_aranges  0x0000000000000000      0xc50
 .debug_aranges
                0x0000000000000000       0xe0 Drivers/STM32F1xx_HAL_Driver/Src/stm32f1xx_hal.o
 .debug_aranges
                0x00000000000000e0      0x100 Drivers/STM32F1xx_HAL_Driver/Src/stm32f1xx_hal_cortex.o
 .debug_aranges
                0x00000000000001e0       0x80 Drivers/STM32F1xx_HAL_Driver/Src/stm32f1xx_hal_dma.o
 .debug_aranges
                0x0000000000000260       0x58 Drivers/STM32F1xx_HAL_Driver/Src/stm32f1xx_hal_gpio.o
 .debug_aranges
                0x00000000000002b8       0x90 Drivers/STM32F1xx_HAL_Driver/Src/stm32f1xx_hal_rcc.o
 .debug_aranges
                0x0000000000000348      0x3a8 Drivers/STM32F1xx_HAL_Driver/Src/stm32f1xx_hal_tim.o
 .debug_aranges
                0x00000000000006f0      0x150 Drivers/STM32F1xx_HAL_Driver/Src/stm32f1xx_hal_tim_ex.o
 .debug_aranges
                0x0000000000000840      0x1d0 Drivers/STM32F1xx_HAL_Driver/Src/stm32f1xx_hal_uart.o
 .debug_aranges
                0x0000000000000a10       0x48 Src/algorithm.o
 .debug_aranges
                0x0000000000000a58       0x68 Src/main.o
 .debug_aranges
                0x0000000000000ac0       0x38 Src/motor.o
 .debug_aranges
                0x0000000000000af8       0x40 Src/my_uart.o
 .debug_aranges
                0x0000000000000b38       0x58 Src/stm32f1xx_hal_msp.o
 .debug_aranges
                0x0000000000000b90       0x70 Src/stm32f1xx_it.o
 .debug_aranges
                0x0000000000000c00       0x28 Src/system_stm32f1xx.o
 .debug_aranges
                0x0000000000000c28       0x28 Startup/startup_stm32f103c8tx.o

.debug_ranges   0x0000000000000000      0xb58
 .debug_ranges  0x0000000000000000       0xd0 Drivers/STM32F1xx_HAL_Driver/Src/stm32f1xx_hal.o
 .debug_ranges  0x00000000000000d0       0xf0 Drivers/STM32F1xx_HAL_Driver/Src/stm32f1xx_hal_cortex.o
 .debug_ranges  0x00000000000001c0       0x70 Drivers/STM32F1xx_HAL_Driver/Src/stm32f1xx_hal_dma.o
 .debug_ranges  0x0000000000000230       0x48 Drivers/STM32F1xx_HAL_Driver/Src/stm32f1xx_hal_gpio.o
 .debug_ranges  0x0000000000000278       0x80 Drivers/STM32F1xx_HAL_Driver/Src/stm32f1xx_hal_rcc.o
 .debug_ranges  0x00000000000002f8      0x398 Drivers/STM32F1xx_HAL_Driver/Src/stm32f1xx_hal_tim.o
 .debug_ranges  0x0000000000000690      0x140 Drivers/STM32F1xx_HAL_Driver/Src/stm32f1xx_hal_tim_ex.o
 .debug_ranges  0x00000000000007d0      0x1c0 Drivers/STM32F1xx_HAL_Driver/Src/stm32f1xx_hal_uart.o
 .debug_ranges  0x0000000000000990       0x38 Src/algorithm.o
 .debug_ranges  0x00000000000009c8       0x58 Src/main.o
 .debug_ranges  0x0000000000000a20       0x28 Src/motor.o
 .debug_ranges  0x0000000000000a48       0x30 Src/my_uart.o
 .debug_ranges  0x0000000000000a78       0x48 Src/stm32f1xx_hal_msp.o
 .debug_ranges  0x0000000000000ac0       0x60 Src/stm32f1xx_it.o
 .debug_ranges  0x0000000000000b20       0x18 Src/system_stm32f1xx.o
 .debug_ranges  0x0000000000000b38       0x20 Startup/startup_stm32f103c8tx.o

.debug_macro    0x0000000000000000    0x149c3
 .debug_macro   0x0000000000000000      0x1be Drivers/STM32F1xx_HAL_Driver/Src/stm32f1xx_hal.o
 .debug_macro   0x00000000000001be      0xa5a Drivers/STM32F1xx_HAL_Driver/Src/stm32f1xx_hal.o
 .debug_macro   0x0000000000000c18      0x221 Drivers/STM32F1xx_HAL_Driver/Src/stm32f1xx_hal.o
 .debug_macro   0x0000000000000e39       0x2e Drivers/STM32F1xx_HAL_Driver/Src/stm32f1xx_hal.o
 .debug_macro   0x0000000000000e67       0x22 Drivers/STM32F1xx_HAL_Driver/Src/stm32f1xx_hal.o
 .debug_macro   0x0000000000000e89       0x22 Drivers/STM32F1xx_HAL_Driver/Src/stm32f1xx_hal.o
 .debug_macro   0x0000000000000eab       0x8e Drivers/STM32F1xx_HAL_Driver/Src/stm32f1xx_hal.o
 .debug_macro   0x0000000000000f39       0x51 Drivers/STM32F1xx_HAL_Driver/Src/stm32f1xx_hal.o
 .debug_macro   0x0000000000000f8a       0xef Drivers/STM32F1xx_HAL_Driver/Src/stm32f1xx_hal.o
 .debug_macro   0x0000000000001079       0x6a Drivers/STM32F1xx_HAL_Driver/Src/stm32f1xx_hal.o
 .debug_macro   0x00000000000010e3      0x1df Drivers/STM32F1xx_HAL_Driver/Src/stm32f1xx_hal.o
 .debug_macro   0x00000000000012c2       0x1c Drivers/STM32F1xx_HAL_Driver/Src/stm32f1xx_hal.o
 .debug_macro   0x00000000000012de       0x22 Drivers/STM32F1xx_HAL_Driver/Src/stm32f1xx_hal.o
 .debug_macro   0x0000000000001300       0xc3 Drivers/STM32F1xx_HAL_Driver/Src/stm32f1xx_hal.o
 .debug_macro   0x00000000000013c3      0xd23 Drivers/STM32F1xx_HAL_Driver/Src/stm32f1xx_hal.o
 .debug_macro   0x00000000000020e6     0xe09e Drivers/STM32F1xx_HAL_Driver/Src/stm32f1xx_hal.o
 .debug_macro   0x0000000000010184       0x43 Drivers/STM32F1xx_HAL_Driver/Src/stm32f1xx_hal.o
 .debug_macro   0x00000000000101c7      0x174 Drivers/STM32F1xx_HAL_Driver/Src/stm32f1xx_hal.o
 .debug_macro   0x000000000001033b       0x5a Drivers/STM32F1xx_HAL_Driver/Src/stm32f1xx_hal.o
 .debug_macro   0x0000000000010395      0x5be Drivers/STM32F1xx_HAL_Driver/Src/stm32f1xx_hal.o
 .debug_macro   0x0000000000010953      0x289 Drivers/STM32F1xx_HAL_Driver/Src/stm32f1xx_hal.o
 .debug_macro   0x0000000000010bdc      0x1cb Drivers/STM32F1xx_HAL_Driver/Src/stm32f1xx_hal.o
 .debug_macro   0x0000000000010da7      0x114 Drivers/STM32F1xx_HAL_Driver/Src/stm32f1xx_hal.o
 .debug_macro   0x0000000000010ebb      0x1b2 Drivers/STM32F1xx_HAL_Driver/Src/stm32f1xx_hal.o
 .debug_macro   0x000000000001106d       0x27 Drivers/STM32F1xx_HAL_Driver/Src/stm32f1xx_hal.o
 .debug_macro   0x0000000000011094      0x136 Drivers/STM32F1xx_HAL_Driver/Src/stm32f1xx_hal.o
 .debug_macro   0x00000000000111ca      0x1bc Drivers/STM32F1xx_HAL_Driver/Src/stm32f1xx_hal.o
 .debug_macro   0x0000000000011386       0x34 Drivers/STM32F1xx_HAL_Driver/Src/stm32f1xx_hal.o
 .debug_macro   0x00000000000113ba       0x3c Drivers/STM32F1xx_HAL_Driver/Src/stm32f1xx_hal.o
 .debug_macro   0x00000000000113f6       0x57 Drivers/STM32F1xx_HAL_Driver/Src/stm32f1xx_hal.o
 .debug_macro   0x000000000001144d       0x88 Drivers/STM32F1xx_HAL_Driver/Src/stm32f1xx_hal.o
 .debug_macro   0x00000000000114d5      0x241 Drivers/STM32F1xx_HAL_Driver/Src/stm32f1xx_hal.o
 .debug_macro   0x0000000000011716      0x141 Drivers/STM32F1xx_HAL_Driver/Src/stm32f1xx_hal.o
 .debug_macro   0x0000000000011857      0x88b Drivers/STM32F1xx_HAL_Driver/Src/stm32f1xx_hal.o
 .debug_macro   0x00000000000120e2      0x26b Drivers/STM32F1xx_HAL_Driver/Src/stm32f1xx_hal.o
 .debug_macro   0x000000000001234d       0x83 Drivers/STM32F1xx_HAL_Driver/Src/stm32f1xx_hal.o
 .debug_macro   0x00000000000123d0      0x19a Drivers/STM32F1xx_HAL_Driver/Src/stm32f1xx_hal_cortex.o
 .debug_macro   0x000000000001256a      0x19a Drivers/STM32F1xx_HAL_Driver/Src/stm32f1xx_hal_dma.o
 .debug_macro   0x0000000000012704      0x205 Drivers/STM32F1xx_HAL_Driver/Src/stm32f1xx_hal_gpio.o
 .debug_macro   0x0000000000012909      0x1ac Drivers/STM32F1xx_HAL_Driver/Src/stm32f1xx_hal_rcc.o
 .debug_macro   0x0000000000012ab5      0x19b Drivers/STM32F1xx_HAL_Driver/Src/stm32f1xx_hal_tim.o
 .debug_macro   0x0000000000012c50      0x19a Drivers/STM32F1xx_HAL_Driver/Src/stm32f1xx_hal_tim_ex.o
 .debug_macro   0x0000000000012dea      0x19b Drivers/STM32F1xx_HAL_Driver/Src/stm32f1xx_hal_uart.o
 .debug_macro   0x0000000000012f85      0x339 Src/algorithm.o
 .debug_macro   0x00000000000132be       0x70 Src/algorithm.o
 .debug_macro   0x000000000001332e       0x46 Src/algorithm.o
 .debug_macro   0x0000000000013374       0x18 Src/algorithm.o
 .debug_macro   0x000000000001338c       0x3c Src/algorithm.o
 .debug_macro   0x00000000000133c8       0x34 Src/algorithm.o
 .debug_macro   0x00000000000133fc       0x16 Src/algorithm.o
 .debug_macro   0x0000000000013412       0x35 Src/algorithm.o
 .debug_macro   0x0000000000013447      0x32a Src/algorithm.o
 .debug_macro   0x0000000000013771       0x10 Src/algorithm.o
 .debug_macro   0x0000000000013781       0x52 Src/algorithm.o
 .debug_macro   0x00000000000137d3       0x1f Src/algorithm.o
 .debug_macro   0x00000000000137f2       0x43 Src/algorithm.o
 .debug_macro   0x0000000000013835       0x20 Src/algorithm.o
 .debug_macro   0x0000000000013855      0x1a3 Src/algorithm.o
 .debug_macro   0x00000000000139f8       0x10 Src/algorithm.o
 .debug_macro   0x0000000000013a08       0x1c Src/algorithm.o
 .debug_macro   0x0000000000013a24       0x52 Src/algorithm.o
 .debug_macro   0x0000000000013a76       0x40 Src/algorithm.o
 .debug_macro   0x0000000000013ab6       0x10 Src/algorithm.o
 .debug_macro   0x0000000000013ac6       0x40 Src/algorithm.o
 .debug_macro   0x0000000000013b06       0xd7 Src/algorithm.o
 .debug_macro   0x0000000000013bdd       0x1c Src/algorithm.o
 .debug_macro   0x0000000000013bf9       0x3d Src/algorithm.o
 .debug_macro   0x0000000000013c36       0x16 Src/algorithm.o
 .debug_macro   0x0000000000013c4c      0x145 Src/algorithm.o
 .debug_macro   0x0000000000013d91       0x16 Src/algorithm.o
 .debug_macro   0x0000000000013da7       0x20 Src/algorithm.o
 .debug_macro   0x0000000000013dc7      0x1bc Src/main.o
 .debug_macro   0x0000000000013f83       0x10 Src/main.o
 .debug_macro   0x0000000000013f93      0x34c Src/motor.o
 .debug_macro   0x00000000000142df       0x10 Src/motor.o
 .debug_macro   0x00000000000142ef       0x1c Src/motor.o
 .debug_macro   0x000000000001430b      0x1b3 Src/my_uart.o
 .debug_macro   0x00000000000144be      0x1a9 Src/stm32f1xx_hal_msp.o
 .debug_macro   0x0000000000014667      0x1bc Src/stm32f1xx_it.o
 .debug_macro   0x0000000000014823      0x1a0 Src/system_stm32f1xx.o

.debug_line     0x0000000000000000     0x9327
 .debug_line    0x0000000000000000      0x80a Drivers/STM32F1xx_HAL_Driver/Src/stm32f1xx_hal.o
 .debug_line    0x000000000000080a      0x8e3 Drivers/STM32F1xx_HAL_Driver/Src/stm32f1xx_hal_cortex.o
 .debug_line    0x00000000000010ed      0xa71 Drivers/STM32F1xx_HAL_Driver/Src/stm32f1xx_hal_dma.o
 .debug_line    0x0000000000001b5e      0x80a Drivers/STM32F1xx_HAL_Driver/Src/stm32f1xx_hal_gpio.o
 .debug_line    0x0000000000002368      0x8cc Drivers/STM32F1xx_HAL_Driver/Src/stm32f1xx_hal_rcc.o
 .debug_line    0x0000000000002c34     0x16d0 Drivers/STM32F1xx_HAL_Driver/Src/stm32f1xx_hal_tim.o
 .debug_line    0x0000000000004304      0xc1d Drivers/STM32F1xx_HAL_Driver/Src/stm32f1xx_hal_tim_ex.o
 .debug_line    0x0000000000004f21      0xf15 Drivers/STM32F1xx_HAL_Driver/Src/stm32f1xx_hal_uart.o
 .debug_line    0x0000000000005e36      0x8c1 Src/algorithm.o
 .debug_line    0x00000000000066f7      0x777 Src/main.o
 .debug_line    0x0000000000006e6e      0x8d9 Src/motor.o
 .debug_line    0x0000000000007747      0x6f3 Src/my_uart.o
 .debug_line    0x0000000000007e3a      0x70e Src/stm32f1xx_hal_msp.o
 .debug_line    0x0000000000008548      0x703 Src/stm32f1xx_it.o
 .debug_line    0x0000000000008c4b      0x65d Src/system_stm32f1xx.o
 .debug_line    0x00000000000092a8       0x7f Startup/startup_stm32f103c8tx.o

.debug_str      0x0000000000000000    0x71f0f
 .debug_str     0x0000000000000000    0x6ac8f Drivers/STM32F1xx_HAL_Driver/Src/stm32f1xx_hal.o
                                      0x6afc9 (size before relaxing)
 .debug_str     0x000000000006ac8f      0x326 Drivers/STM32F1xx_HAL_Driver/Src/stm32f1xx_hal_cortex.o
                                      0x6afd7 (size before relaxing)
 .debug_str     0x000000000006afb5      0x3f0 Drivers/STM32F1xx_HAL_Driver/Src/stm32f1xx_hal_dma.o
                                      0x6ad19 (size before relaxing)
 .debug_str     0x000000000006b3a5      0x39e Drivers/STM32F1xx_HAL_Driver/Src/stm32f1xx_hal_gpio.o
                                      0x6ad02 (size before relaxing)
 .debug_str     0x000000000006b743      0x373 Drivers/STM32F1xx_HAL_Driver/Src/stm32f1xx_hal_rcc.o
                                      0x6ad3b (size before relaxing)
 .debug_str     0x000000000006bab6      0xfc5 Drivers/STM32F1xx_HAL_Driver/Src/stm32f1xx_hal_tim.o
                                      0x6bb06 (size before relaxing)
 .debug_str     0x000000000006ca7b      0x579 Drivers/STM32F1xx_HAL_Driver/Src/stm32f1xx_hal_tim_ex.o
                                      0x6b306 (size before relaxing)
 .debug_str     0x000000000006cff4      0x6dd Drivers/STM32F1xx_HAL_Driver/Src/stm32f1xx_hal_uart.o
                                      0x6b22a (size before relaxing)
 .debug_str     0x000000000006d6d1     0x43f7 Src/algorithm.o
                                      0x6ed1b (size before relaxing)
 .debug_str     0x0000000000071ac8      0x135 Src/main.o
                                      0x6b786 (size before relaxing)
 .debug_str     0x0000000000071bfd       0xd3 Src/motor.o
                                      0x6f2ca (size before relaxing)
 .debug_str     0x0000000000071cd0       0x71 Src/my_uart.o
                                      0x6aef4 (size before relaxing)
 .debug_str     0x0000000000071d41       0x45 Src/stm32f1xx_hal_msp.o
                                      0x6b1b4 (size before relaxing)
 .debug_str     0x0000000000071d86       0xef Src/stm32f1xx_it.o
                                      0x6ad6d (size before relaxing)
 .debug_str     0x0000000000071e75       0x69 Src/system_stm32f1xx.o
                                      0x6a9b3 (size before relaxing)
 .debug_str     0x0000000000071ede       0x31 Startup/startup_stm32f103c8tx.o
                                         0x6f (size before relaxing)

.comment        0x0000000000000000       0x7b
 .comment       0x0000000000000000       0x7b Drivers/STM32F1xx_HAL_Driver/Src/stm32f1xx_hal.o
                                         0x7c (size before relaxing)
 .comment       0x000000000000007b       0x7c Drivers/STM32F1xx_HAL_Driver/Src/stm32f1xx_hal_cortex.o
 .comment       0x000000000000007b       0x7c Drivers/STM32F1xx_HAL_Driver/Src/stm32f1xx_hal_dma.o
 .comment       0x000000000000007b       0x7c Drivers/STM32F1xx_HAL_Driver/Src/stm32f1xx_hal_gpio.o
 .comment       0x000000000000007b       0x7c Drivers/STM32F1xx_HAL_Driver/Src/stm32f1xx_hal_rcc.o
 .comment       0x000000000000007b       0x7c Drivers/STM32F1xx_HAL_Driver/Src/stm32f1xx_hal_tim.o
 .comment       0x000000000000007b       0x7c Drivers/STM32F1xx_HAL_Driver/Src/stm32f1xx_hal_tim_ex.o
 .comment       0x000000000000007b       0x7c Drivers/STM32F1xx_HAL_Driver/Src/stm32f1xx_hal_uart.o
 .comment       0x000000000000007b       0x7c Src/algorithm.o
 .comment       0x000000000000007b       0x7c Src/main.o
 .comment       0x000000000000007b       0x7c Src/motor.o
 .comment       0x000000000000007b       0x7c Src/my_uart.o
 .comment       0x000000000000007b       0x7c Src/stm32f1xx_hal_msp.o
 .comment       0x000000000000007b       0x7c Src/stm32f1xx_it.o
 .comment       0x000000000000007b       0x7c Src/system_stm32f1xx.o

.debug_frame    0x0000000000000000     0x350c
 .debug_frame   0x0000000000000000      0x334 Drivers/STM32F1xx_HAL_Driver/Src/stm32f1xx_hal.o
 .debug_frame   0x0000000000000334      0x428 Drivers/STM32F1xx_HAL_Driver/Src/stm32f1xx_hal_cortex.o
 .debug_frame   0x000000000000075c      0x208 Drivers/STM32F1xx_HAL_Driver/Src/stm32f1xx_hal_dma.o
 .debug_frame   0x0000000000000964      0x14c Drivers/STM32F1xx_HAL_Driver/Src/stm32f1xx_hal_gpio.o
 .debug_frame   0x0000000000000ab0      0x21c Drivers/STM32F1xx_HAL_Driver/Src/stm32f1xx_hal_rcc.o
 .debug_frame   0x0000000000000ccc     0x10e8 Drivers/STM32F1xx_HAL_Driver/Src/stm32f1xx_hal_tim.o
 .debug_frame   0x0000000000001db4      0x5c0 Drivers/STM32F1xx_HAL_Driver/Src/stm32f1xx_hal_tim_ex.o
 .debug_frame   0x0000000000002374      0x834 Drivers/STM32F1xx_HAL_Driver/Src/stm32f1xx_hal_uart.o
 .debug_frame   0x0000000000002ba8      0x100 Src/algorithm.o
 .debug_frame   0x0000000000002ca8      0x164 Src/main.o
 .debug_frame   0x0000000000002e0c       0x94 Src/motor.o
 .debug_frame   0x0000000000002ea0       0xbc Src/my_uart.o
 .debug_frame   0x0000000000002f5c      0x13c Src/stm32f1xx_hal_msp.o
 .debug_frame   0x0000000000003098      0x144 Src/stm32f1xx_it.o
 .debug_frame   0x00000000000031dc       0x58 Src/system_stm32f1xx.o
 .debug_frame   0x0000000000003234       0x2c c:/st/stm32cubeide_1.0.0/stm32cubeide/plugins/com.st.stm32cube.ide.mcu.externaltools.gnu-tools-for-stm32.7-2018-q2-update.win32_1.0.0.201904181610/tools/bin/../lib/gcc/arm-none-eabi/7.3.1/../../../../arm-none-eabi/lib/thumb/v7-m\libc_nano.a(lib_a-init.o)
 .debug_frame   0x0000000000003260       0x20 c:/st/stm32cubeide_1.0.0/stm32cubeide/plugins/com.st.stm32cube.ide.mcu.externaltools.gnu-tools-for-stm32.7-2018-q2-update.win32_1.0.0.201904181610/tools/bin/../lib/gcc/arm-none-eabi/7.3.1/../../../../arm-none-eabi/lib/thumb/v7-m\libc_nano.a(lib_a-memset.o)
 .debug_frame   0x0000000000003280       0xac c:/st/stm32cubeide_1.0.0/stm32cubeide/plugins/com.st.stm32cube.ide.mcu.externaltools.gnu-tools-for-stm32.7-2018-q2-update.win32_1.0.0.201904181610/tools/bin/../lib/gcc/arm-none-eabi/7.3.1/thumb/v7-m\libgcc.a(_arm_addsubdf3.o)
 .debug_frame   0x000000000000332c       0x50 c:/st/stm32cubeide_1.0.0/stm32cubeide/plugins/com.st.stm32cube.ide.mcu.externaltools.gnu-tools-for-stm32.7-2018-q2-update.win32_1.0.0.201904181610/tools/bin/../lib/gcc/arm-none-eabi/7.3.1/thumb/v7-m\libgcc.a(_arm_muldivdf3.o)
 .debug_frame   0x000000000000337c       0xc4 c:/st/stm32cubeide_1.0.0/stm32cubeide/plugins/com.st.stm32cube.ide.mcu.externaltools.gnu-tools-for-stm32.7-2018-q2-update.win32_1.0.0.201904181610/tools/bin/../lib/gcc/arm-none-eabi/7.3.1/thumb/v7-m\libgcc.a(_arm_cmpdf2.o)
 .debug_frame   0x0000000000003440       0x24 c:/st/stm32cubeide_1.0.0/stm32cubeide/plugins/com.st.stm32cube.ide.mcu.externaltools.gnu-tools-for-stm32.7-2018-q2-update.win32_1.0.0.201904181610/tools/bin/../lib/gcc/arm-none-eabi/7.3.1/thumb/v7-m\libgcc.a(_arm_truncdfsf2.o)
 .debug_frame   0x0000000000003464       0x4c c:/st/stm32cubeide_1.0.0/stm32cubeide/plugins/com.st.stm32cube.ide.mcu.externaltools.gnu-tools-for-stm32.7-2018-q2-update.win32_1.0.0.201904181610/tools/bin/../lib/gcc/arm-none-eabi/7.3.1/thumb/v7-m\libgcc.a(_arm_addsubsf3.o)
 .debug_frame   0x00000000000034b0       0x38 c:/st/stm32cubeide_1.0.0/stm32cubeide/plugins/com.st.stm32cube.ide.mcu.externaltools.gnu-tools-for-stm32.7-2018-q2-update.win32_1.0.0.201904181610/tools/bin/../lib/gcc/arm-none-eabi/7.3.1/thumb/v7-m\libgcc.a(_arm_muldivsf3.o)
 .debug_frame   0x00000000000034e8       0x24 c:/st/stm32cubeide_1.0.0/stm32cubeide/plugins/com.st.stm32cube.ide.mcu.externaltools.gnu-tools-for-stm32.7-2018-q2-update.win32_1.0.0.201904181610/tools/bin/../lib/gcc/arm-none-eabi/7.3.1/thumb/v7-m\libgcc.a(_arm_fixsfsi.o)
